[0;34m[2026-04-30 14:39:01][0m 检测到文件变化: QUICK-START.md
[0;34m[2026-04-30 14:39:19][0m 检测到文件变化: README.md
[0;34m[2026-04-30 14:39:20][0m 检测到文件变化: README.md
[0;34m[2026-04-30 14:39:23][0m 检测到文件变化: README.md
[0;34m[2026-04-30 14:39:38][0m 检测到文件变化: README.md
[0;34m[2026-04-30 14:39:39][0m 检测到文件变化: README.md
[0;34m[2026-04-30 14:39:41][0m 检测到文件变化: README.md
[0;34m[2026-04-30 14:45:49][0m 检测到文件变化: README.md
[0;34m[2026-04-30 14:45:50][0m 检测到文件变化: README.md
[0;34m[2026-04-30 14:45:51][0m 检测到文件变化: README.md
[0;34m[2026-04-30 14:48:41][0m 检测到文件变化: 20260430-1447-bug-pest-page-typography-undefined.md
[0;34m[2026-04-30 14:48:42][0m 检测到文件变化: 20260430-1447-bug-pest-page-typography-undefined.md
[0;34m[2026-04-30 14:48:43][0m 检测到文件变化: 20260430-1447-bug-pest-page-typography-undefined.md
[0;34m[2026-04-30 14:48:45][0m 检测到文件变化: 20260430-1447-bug-pest-page-typography-undefined.md
[0;34m[2026-04-30 16:57:09][0m 检测到文件变化: 20260430-1655-cicd-fix-container-startup.md
[0;34m[2026-04-30 16:57:10][0m 检测到文件变化: 20260430-1655-cicd-fix-container-startup.md
[0;34m[2026-04-30 16:57:11][0m 检测到文件变化: 20260430-1655-cicd-fix-container-startup.md
[0;34m[2026-04-30 16:59:01][0m 检测到文件变化: 20260430-1655-cicd-fix-container-startup.md
[0;34m[2026-04-30 16:59:02][0m 检测到文件变化: 20260430-1655-cicd-fix-container-startup.md
[0;34m[2026-04-30 16:59:03][0m 检测到文件变化: 20260430-1655-cicd-fix-container-startup.md
[0;34m[2026-04-30 17:05:08][0m 检测到文件变化: 20260430-1655-cicd-fix-container-startup.md
[0;34m[2026-04-30 20:40:49][0m 检测到文件变化: 20260430-1940-bugfix-product-documents.md
[0;34m[2026-04-30 20:40:50][0m 检测到文件变化: 20260430-1940-bugfix-product-documents.md
[0;34m[2026-04-30 20:40:51][0m 检测到文件变化: 20260430-1940-bugfix-product-documents.md
[0;34m[2026-04-30 20:40:55][0m 检测到文件变化: 20260430-1940-bugfix-product-documents.md
[0;34m[2026-04-30 23:35:35][0m 检测到文件变化: 20260430-2330-i18n-hardcoded-text-extraction.md
[0;34m[2026-04-30 23:35:36][0m 检测到文件变化: 20260430-2330-i18n-hardcoded-text-extraction.md
[0;34m[2026-04-30 23:50:34][0m 检测到文件变化: 20260430-2350-redis-serialization-fix.md
[0;34m[2026-04-30 23:50:35][0m 检测到文件变化: 20260430-2350-redis-serialization-fix.md
[0;34m[2026-05-01 00:04:22][0m 检测到文件变化: 20260501-0015-redis-serialization-fix-completed.md
[0;34m[2026-05-01 00:04:23][0m 检测到文件变化: 20260501-0015-redis-serialization-fix-completed.md
[0;34m[2026-05-01 00:04:57][0m 检测到文件变化: 20260430-2330-i18n-hardcoded-text-extraction.md
[0;34m[2026-05-01 00:04:58][0m 检测到文件变化: 20260430-2350-redis-serialization-fix.md
[0;34m[2026-05-01 00:04:59][0m 检测到文件变化: 20260430-2330-i18n-hardcoded-text-extraction.md
[0;34m[2026-05-01 00:05:01][0m 检测到文件变化: 20260430-2350-redis-serialization-fix.md
[0;34m[2026-05-01 00:05:27][0m 检测到文件变化: 20260501-0015-redis-serialization-fix-completed.md
[0;34m[2026-05-01 00:07:43][0m 检测到文件变化: 20260501-0015-redis-serialization-fix-completed.md
[0;34m[2026-05-01 00:27:48][0m 检测到文件变化: 20260501-0030-i18n-mixed-approach.md
[0;34m[2026-05-01 00:27:49][0m 检测到文件变化: 20260501-0030-i18n-mixed-approach.md
[0;34m[2026-05-01 00:27:50][0m 检测到文件变化: 20260501-0030-i18n-mixed-approach.md
[0;34m[2026-05-01 01:05:23][0m 检测到文件变化: 20260430-2350-redis-serialization-fix.md
[0;34m[2026-05-01 01:05:44][0m 检测到文件变化: 20260430-2330-i18n-hardcoded-text-extraction.md
[0;34m[2026-05-01 01:05:53][0m 检测到文件变化: 20260501-0015-redis-serialization-fix-completed.md
[0;34m[2026-05-01 01:06:17][0m 检测到文件变化: 20260501-0030-i18n-mixed-approach.md
[0;34m[2026-05-01 01:34:43][0m 检测到文件变化: 20260501-0130-brand-related-content-apis.md
[0;34m[2026-05-01 01:34:44][0m 检测到文件变化: 20260501-0130-brand-related-content-apis.md
[0;34m[2026-05-01 01:34:45][0m 检测到文件变化: 20260501-0130-brand-related-content-apis.md
[0;34m[2026-05-01 01:34:46][0m 检测到文件变化: 20260501-0130-brand-related-content-apis.md
[0;34m[2026-05-01 01:37:33][0m 检测到文件变化: 20260501-0130-brand-related-content-apis.md
[0;34m[2026-05-01 01:37:34][0m 检测到文件变化: 20260501-0130-brand-related-content-apis.md
[0;34m[2026-05-01 01:37:35][0m 检测到文件变化: 20260501-0130-brand-related-content-apis.md
[0;34m[2026-05-01 01:48:37][0m 检测到文件变化: 20260501-0030-i18n-mixed-approach.md
[0;34m[2026-05-01 01:48:38][0m 检测到文件变化: 20260501-0030-i18n-mixed-approach.md
[0;34m[2026-05-01 01:48:48][0m 检测到文件变化: 20260501-0030-i18n-mixed-approach.md
[0;34m[2026-05-01 01:48:50][0m 检测到文件变化: 20260430-2330-i18n-hardcoded-text-extraction.md
[0;34m[2026-05-01 01:48:51][0m 检测到文件变化: 20260430-2330-i18n-hardcoded-text-extraction.md
[0;34m[2026-05-01 01:48:55][0m 检测到文件变化: 20260430-2330-i18n-hardcoded-text-extraction.md
[0;34m[2026-05-01 01:49:09][0m 检测到文件变化: 20260501-0130-brand-related-content-apis.md
[0;34m[2026-05-01 01:49:10][0m 检测到文件变化: 20260501-0130-brand-related-content-apis.md
[0;34m[2026-05-01 01:49:12][0m 检测到文件变化: 20260501-0130-brand-related-content-apis.md
[0;34m[2026-05-01 01:49:16][0m 检测到文件变化: 20260430-2330-i18n-hardcoded-text-extraction.md
[0;34m[2026-05-01 01:49:17][0m 检测到文件变化: 20260501-0030-i18n-mixed-approach.md
[0;34m[2026-05-01 01:50:22][0m 检测到文件变化: 20260501-0100-brand-logo-in-search.md
[0;34m[2026-05-01 01:50:23][0m 检测到文件变化: 20260501-0100-brand-logo-in-search.md
[0;34m[2026-05-01 01:50:24][0m 检测到文件变化: 20260501-0100-brand-logo-in-search.md
[0;34m[2026-05-01 01:50:25][0m 检测到文件变化: 20260501-0100-brand-logo-in-search.md
[0;34m[2026-05-01 01:50:28][0m 检测到文件变化: 20260501-0100-brand-logo-in-search.md
